{
  "protocol_version": "1.0",
  "message_type": "Event.SignOff.Granted",
  "message_id": "EVENTASAGNAFFAGRANTEDAGAAD",
  "trace_id": "trace-golden",
  "created_at": "2025-10-26T20:10:00Z",
  "sender": "validator",
  "artifact_uri": "blob://releases/rc-0003.zip",
  "invariants_checked": ["rights.ownership", "repro.determinism"],
  "decision": "granted",
  "justification": "All checks passed.",
  "$schema": "https://questfoundry.liesdonk.nl/v1/protocol/schemas/events/Event.SignOff.Granted.schema.json"
}
