{
  "protocol_version": "1.0",
  "message_type": "Event.Release.Published",
  "message_id": "EVENTAREAEASEAPABAASHEDAGA",
  "trace_id": "trace-golden",
  "created_at": "2025-10-26T20:10:00Z",
  "sender": "orchestrator",
  "artifact_uri": "blob://releases/rc-0005.zip",
  "provenance": {
    "manifest": "hashes.json"
  },
  "$schema": "https://questfoundry.liesdonk.nl/v1/protocol/schemas/events/Event.Release.Published.schema.json"
}