{
  "protocol_version": "1.0",
  "message_type": "Event.Release.Go",
  "message_id": "event.release.go-golden",
  "trace_id": "trace-golden",
  "created_at": "2025-10-26T20:10:00Z",
  "sender": "orchestrator",
  "artifact_uri": "blob://releases/rc-0004.zip",
  "invariants_checked": ["rights.ownership"]
}
