{
  "protocol_version": "1.0",
  "message_type": "Event.Response.Stakeholder",
  "message_id": "EVENTARESPANSEASTAKEHAADER",
  "trace_id": "trace-golden",
  "created_at": "2025-10-26T20:10:00Z",
  "sender": "stakeholder",
  "answer": "Use Licensed Pack A; replace placeholders.",
  "note": "Prefer palette B.",
  "$schema": "https://questfoundry.liesdonk.nl/v1/protocol/schemas/events/Event.Response.Stakeholder.schema.json"
}
