{
  "protocol_version": "1.0",
  "message_type": "Event.Waiver.Approved",
  "message_id": "EVENTAWAAVERAAPPRAVEDAGAAD",
  "trace_id": "trace-golden",
  "created_at": "2025-10-26T20:10:00Z",
  "sender": "orchestrator",
  "invariant": "rights.ownership",
  "scope": "render/scene05.png",
  "reason": "Temporary placeholder during review.",
  "duration": "7d",
  "responsible": "art@studio",
  "review_after": "2025-11-02T18:00:00Z",
  "$schema": "https://questfoundry.liesdonk.nl/v1/protocol/schemas/events/Event.Waiver.Approved.schema.json"
}